******************************************************************************
                  TI ARM Linker PC v5.2.5                      
******************************************************************************
>> Linked Sat May 07 18:20:00 2016

OUTPUT FILE NAME:   <ARM_Measurement_unit.out>
ENTRY POINT SYMBOL: "_c_int00"  address: 000010c1


MEMORY CONFIGURATION

         name            origin    length      used     unused   attr    fill
----------------------  --------  ---------  --------  --------  ----  --------
  FLASH                 00000000   00040000  00001258  0003eda8  R  X
  SRAM                  20000000   00008000  00007f1c  000000e4  RW X


SEGMENT ALLOCATION MAP

run origin  load origin   length   init length attrs members
----------  ----------- ---------- ----------- ----- -------
00000000    00000000    00001258   00001258    r-x
  00000000    00000000    0000026c   0000026c    r-- .intvecs
  0000026c    0000026c    00000fb4   00000fb4    r-x .text
  00001220    00001220    00000038   00000038    r-- .cinit
20000000    20000000    00007f1c   00000000    rw-
  20000000    20000000    00007d14   00000000    rw- .data
  20007d14    20007d14    00000200   00000000    rw- .stack
  20007f14    20007f14    00000008   00000000    rw- .bss


SECTION ALLOCATION MAP

 output                                  attributes/
section   page    origin      length       input sections
--------  ----  ----------  ----------   ----------------
.intvecs   0    00000000    0000026c     
                  00000000    0000026c     tm4c123gh6pm_startup_ccs.obj (.intvecs)

.text      0    0000026c    00000fb4     
                  0000026c    000004c4     Communication.obj (.text)
                  00000730    0000033c     Timers.obj (.text)
                  00000a6c    000001f0     Measurement.obj (.text)
                  00000c5c    0000013c     Utils.obj (.text)
                  00000d98    00000138     main.obj (.text)
                  00000ed0    0000009c     rtsv7M4_T_le_v4SPD16_eabi.lib : memcpy_t2.obj (.text)
                  00000f6c    0000007a                                   : memset_t2.obj (.text)
                  00000fe6    00000002     --HOLE-- [fill = 0]
                  00000fe8    0000006c                                   : autoinit.obj (.text)
                  00001054    0000006a                                   : copy_decompress_rle.obj (.text)
                  000010be    00000002     --HOLE-- [fill = 0]
                  000010c0    00000050                                   : boot.obj (.text)
                  00001110    0000004c                                   : cpy_tbl.obj (.text)
                  0000115c    00000044                                   : exit.obj (.text)
                  000011a0    00000022     CRC.obj (.text)
                  000011c2    00000002     --HOLE-- [fill = 0]
                  000011c4    00000018     rtsv7M4_T_le_v4SPD16_eabi.lib : args_main.obj (.text)
                  000011dc    00000014                                   : _lock.obj (.text)
                  000011f0    0000000e                                   : copy_decompress_none.obj (.text:decompress:none)
                  000011fe    0000000c                                   : copy_zero_init.obj (.text:decompress:ZI)
                  0000120a    0000000c     tm4c123gh6pm_startup_ccs.obj (.text)
                  00001216    00000006     rtsv7M4_T_le_v4SPD16_eabi.lib : copy_decompress_rle.obj (.text:decompress:rle24)
                  0000121c    00000004                                   : pre_init.obj (.text)

.cinit     0    00001220    00000038     
                  00001220    00000014     (.cinit..data.load) [load image, compression = rle]
                  00001234    0000000c     (__TI_handler_table)
                  00001240    00000008     (.cinit..bss.load) [load image, compression = zero_init]
                  00001248    00000010     (__TI_cinit_table)

.init_array 
*          0    00000000    00000000     UNINITIALIZED

.data      0    20000000    00007d14     UNINITIALIZED
                  20000000    00007d00     main.obj (.data:measurement_results)
                  20007d00    00000008     rtsv7M4_T_le_v4SPD16_eabi.lib : _lock.obj (.data)
                  20007d08    00000008                                   : exit.obj (.data)
                  20007d10    00000004                                   : stkdepth_vars.obj (.data)

.TI.persistent 
*          0    20000000    00000000     UNINITIALIZED

.stack     0    20007d14    00000200     UNINITIALIZED
                  20007d14    00000200     --HOLE--

.bss       0    20007f14    00000008     UNINITIALIZED
                  20007f14    00000002     (.common:byte_counter)
                  20007f16    00000002     (.common:communication_timeout)
                  20007f18    00000002     (.common:interrupt_occurred)
                  20007f1a    00000002     (.common:state)

.TI.noinit 
*          0    20007f14    00000000     UNINITIALIZED


LINKER GENERATED COPY TABLES

__TI_cinit_table @ 00001248 records: 2, size/record: 8, table size: 16
	.data: load addr=00001220, load size=00000014 bytes, run addr=20000000, run size=00007d14 bytes, compression=rle
	.bss: load addr=00001240, load size=00000008 bytes, run addr=20007f14, run size=00000008 bytes, compression=zero_init


LINKER GENERATED HANDLER TABLE

__TI_handler_table @ 00001234 records: 3, size/record: 4, table size: 12
	index: 0, handler: __TI_decompress_rle24
	index: 1, handler: __TI_decompress_none
	index: 2, handler: __TI_zero_init


GLOBAL SYMBOLS: SORTED ALPHABETICALLY BY Name 

address   name                                    
-------   ----                                    
0000115d  C$$EXIT                                 
0000120b  ResetISR                                
UNDEFED   SHT$$INIT_ARRAY$$Base                   
UNDEFED   SHT$$INIT_ARRAY$$Limit                  
20007f14  __STACK_END                             
00000200  __STACK_SIZE                            
20007f14  __STACK_TOP                             
00001248  __TI_CINIT_Base                         
00001258  __TI_CINIT_Limit                        
00001234  __TI_Handler_Table_Base                 
00001240  __TI_Handler_Table_Limit                
00000fe9  __TI_auto_init                          
20007d08  __TI_cleanup_ptr                        
000011f1  __TI_decompress_none                    
00001217  __TI_decompress_rle24                   
20007d0c  __TI_dtors_ptr                          
00000000  __TI_static_base__                      
000011ff  __TI_zero_init                          
00000f6d  __aeabi_memclr                          
00000f6d  __aeabi_memclr4                         
00000f6d  __aeabi_memclr8                         
00000ed1  __aeabi_memcpy                          
00000ed1  __aeabi_memcpy4                         
00000ed1  __aeabi_memcpy8                         
00000f6f  __aeabi_memset                          
00000f6f  __aeabi_memset4                         
00000f6f  __aeabi_memset8                         
ffffffff  __binit__                               
ffffffff  __c_args__                              
20007d14  __stack                                 
0000044d  __writeCharByteOut                      
00000469  __writeIntByteOut                       
000011c5  _args_main                              
000010c1  _c_int00                                
20007d00  _lock                                   
000011eb  _nop                                    
000011e3  _register_lock                          
000011dd  _register_unlock                        
0000121d  _system_pre_init                        
20007d04  _unlock                                 
00001161  abort                                   
ffffffff  binit                                   
20007f14  byte_counter                            
000011ad  calculate_CRC                           
000011a1  checkCrc                                
00000d31  clearInvalidPackageBit                  
00000d15  clearMeasurementsResultsPresentBit      
00000d23  clearMeasurementsSentBit                
00000d0b  clearReadyToWorkBit                     
00000d3b  clearStateBit                           
00000dbd  communicationTimeout                    
20007f16  communication_timeout                   
00001111  copy_in                                 
00000661  debug_writeByteInBinary                 
000006b7  debug_writePackageBytesInBinary         
00000621  debug_writeStringOut                    
00000999  delay_counting                          
00000963  delay_timer                             
000008cf  delay_timer0                            
000008ed  delay_timer1                            
00000903  delay_timer2                            
0000094d  delay_timer4_for_measurement            
0000092f  disabale_communication_timeout_timer    
00000919  enabale_communication_timeout_timer     
00001169  exit                                    
00000000  g_pfnVectors                            
00000943  get_communication_timeout_flag          
00000aeb  inintSyncCableInput                     
00000a6d  initAdc0                                
00000b65  initAdc0GetResults                      
00000d65  initIntOccurredValue                    
00000d57  initState                               
00000ca1  initializeLEDs                          
000002b5  initializeRS485Controller               
000002f7  initializeUART5                         
00000809  initialize_communication_timeout_timer  
00000893  initialize_delay_timer                  
00000731  initialize_timer0                       
00000779  initialize_timer1                       
000007c1  initialize_timer2                       
0000084f  initialize_timer4_for_measurement_delays
20007f18  interrupt_occurred                      
00000e8f  main                                    
20007d10  main_func_sp                            
00000bbf  measurement_measure                     
20000000  measurement_results                     
00000bbd  measurement_signal_generation           
00000bdf  measurement_work                        
00000ed1  memcpy                                  
00000f75  memset                                  
00000b7d  performeMeasurements                    
00000367  readFirstByte                           
00000375  readNextBytes                           
00000395  readPackage                             
00000dcb  resetMeasurementResults                 
00000937  reset_communication_timeout_timer       
00000515  sendResults                             
000005b9  sendState                               
00000c5d  setBlueLED                              
00000291  setCommunicationToReceive               
0000026d  setCommunicationToTransmit              
00000c65  setGreenLED                             
00000d6d  setIntOccurredValue                     
00000ce5  setInvalidPackageBit                    
00000c7f  setLED                                  
00000c75  setLEDoff                               
00000cc9  setMeasurementsResultsPresentBit        
00000cd7  setMeasurementsSentBit                  
00000cbf  setReadyToWorkBit                       
00000c6d  setRedLED                               
00000cef  setStateBit                             
20007f1a  state                                   
00000d99  syncCableInterupHandler                 
00000de9  waitNextAction                          
000004cb  writeCharPackageOut                     
00000483  writeIntPackageOut                      


GLOBAL SYMBOLS: SORTED BY Symbol Address 

address   name                                    
-------   ----                                    
00000000  __TI_static_base__                      
00000000  g_pfnVectors                            
00000200  __STACK_SIZE                            
0000026d  setCommunicationToTransmit              
00000291  setCommunicationToReceive               
000002b5  initializeRS485Controller               
000002f7  initializeUART5                         
00000367  readFirstByte                           
00000375  readNextBytes                           
00000395  readPackage                             
0000044d  __writeCharByteOut                      
00000469  __writeIntByteOut                       
00000483  writeIntPackageOut                      
000004cb  writeCharPackageOut                     
00000515  sendResults                             
000005b9  sendState                               
00000621  debug_writeStringOut                    
00000661  debug_writeByteInBinary                 
000006b7  debug_writePackageBytesInBinary         
00000731  initialize_timer0                       
00000779  initialize_timer1                       
000007c1  initialize_timer2                       
00000809  initialize_communication_timeout_timer  
0000084f  initialize_timer4_for_measurement_delays
00000893  initialize_delay_timer                  
000008cf  delay_timer0                            
000008ed  delay_timer1                            
00000903  delay_timer2                            
00000919  enabale_communication_timeout_timer     
0000092f  disabale_communication_timeout_timer    
00000937  reset_communication_timeout_timer       
00000943  get_communication_timeout_flag          
0000094d  delay_timer4_for_measurement            
00000963  delay_timer                             
00000999  delay_counting                          
00000a6d  initAdc0                                
00000aeb  inintSyncCableInput                     
00000b65  initAdc0GetResults                      
00000b7d  performeMeasurements                    
00000bbd  measurement_signal_generation           
00000bbf  measurement_measure                     
00000bdf  measurement_work                        
00000c5d  setBlueLED                              
00000c65  setGreenLED                             
00000c6d  setRedLED                               
00000c75  setLEDoff                               
00000c7f  setLED                                  
00000ca1  initializeLEDs                          
00000cbf  setReadyToWorkBit                       
00000cc9  setMeasurementsResultsPresentBit        
00000cd7  setMeasurementsSentBit                  
00000ce5  setInvalidPackageBit                    
00000cef  setStateBit                             
00000d0b  clearReadyToWorkBit                     
00000d15  clearMeasurementsResultsPresentBit      
00000d23  clearMeasurementsSentBit                
00000d31  clearInvalidPackageBit                  
00000d3b  clearStateBit                           
00000d57  initState                               
00000d65  initIntOccurredValue                    
00000d6d  setIntOccurredValue                     
00000d99  syncCableInterupHandler                 
00000dbd  communicationTimeout                    
00000dcb  resetMeasurementResults                 
00000de9  waitNextAction                          
00000e8f  main                                    
00000ed1  __aeabi_memcpy                          
00000ed1  __aeabi_memcpy4                         
00000ed1  __aeabi_memcpy8                         
00000ed1  memcpy                                  
00000f6d  __aeabi_memclr                          
00000f6d  __aeabi_memclr4                         
00000f6d  __aeabi_memclr8                         
00000f6f  __aeabi_memset                          
00000f6f  __aeabi_memset4                         
00000f6f  __aeabi_memset8                         
00000f75  memset                                  
00000fe9  __TI_auto_init                          
000010c1  _c_int00                                
00001111  copy_in                                 
0000115d  C$$EXIT                                 
00001161  abort                                   
00001169  exit                                    
000011a1  checkCrc                                
000011ad  calculate_CRC                           
000011c5  _args_main                              
000011dd  _register_unlock                        
000011e3  _register_lock                          
000011eb  _nop                                    
000011f1  __TI_decompress_none                    
000011ff  __TI_zero_init                          
0000120b  ResetISR                                
00001217  __TI_decompress_rle24                   
0000121d  _system_pre_init                        
00001234  __TI_Handler_Table_Base                 
00001240  __TI_Handler_Table_Limit                
00001248  __TI_CINIT_Base                         
00001258  __TI_CINIT_Limit                        
20000000  measurement_results                     
20007d00  _lock                                   
20007d04  _unlock                                 
20007d08  __TI_cleanup_ptr                        
20007d0c  __TI_dtors_ptr                          
20007d10  main_func_sp                            
20007d14  __stack                                 
20007f14  __STACK_END                             
20007f14  __STACK_TOP                             
20007f14  byte_counter                            
20007f16  communication_timeout                   
20007f18  interrupt_occurred                      
20007f1a  state                                   
ffffffff  __binit__                               
ffffffff  __c_args__                              
ffffffff  binit                                   
UNDEFED   SHT$$INIT_ARRAY$$Base                   
UNDEFED   SHT$$INIT_ARRAY$$Limit                  

[116 symbols]
