******************************************************************************
                  TI ARM Linker PC v5.2.5                      
******************************************************************************
>> Linked Tue May 03 19:39:36 2016

OUTPUT FILE NAME:   <ARM_Measurement_unit.out>
ENTRY POINT SYMBOL: "_c_int00"  address: 00001011


MEMORY CONFIGURATION

         name            origin    length      used     unused   attr    fill
----------------------  --------  ---------  --------  --------  ----  --------
  FLASH                 00000000   00040000  000011a8  0003ee58  R  X
  SRAM                  20000000   00008000  000009ea  00007616  RW X


SEGMENT ALLOCATION MAP

run origin  load origin   length   init length attrs members
----------  ----------- ---------- ----------- ----- -------
00000000    00000000    000011a8   000011a8    r-x
  00000000    00000000    0000026c   0000026c    r-- .intvecs
  0000026c    0000026c    00000f04   00000f04    r-x .text
  00001170    00001170    00000038   00000038    r-- .cinit
20000000    20000000    000009ea   00000000    rw-
  20000000    20000000    000007e4   00000000    rw- .data
  200007e4    200007e4    00000200   00000000    rw- .stack
  200009e4    200009e4    00000006   00000000    rw- .bss


SECTION ALLOCATION MAP

 output                                  attributes/
section   page    origin      length       input sections
--------  ----  ----------  ----------   ----------------
.intvecs   0    00000000    0000026c     
                  00000000    0000026c     tm4c123gh6pm_startup_ccs.obj (.intvecs)

.text      0    0000026c    00000f04     
                  0000026c    0000045c     Communication.obj (.text)
                  000006c8    00000308     Timers.obj (.text)
                  000009d0    000001ec     Measurement.obj (.text)
                  00000bbc    0000013c     Utils.obj (.text)
                  00000cf8    00000128     main.obj (.text)
                  00000e20    0000009c     rtsv7M4_T_le_v4SPD16_eabi.lib : memcpy_t2.obj (.text)
                  00000ebc    0000007a                                   : memset_t2.obj (.text)
                  00000f36    00000002     --HOLE-- [fill = 0]
                  00000f38    0000006c                                   : autoinit.obj (.text)
                  00000fa4    0000006a                                   : copy_decompress_rle.obj (.text)
                  0000100e    00000002     --HOLE-- [fill = 0]
                  00001010    00000050                                   : boot.obj (.text)
                  00001060    0000004c                                   : cpy_tbl.obj (.text)
                  000010ac    00000044                                   : exit.obj (.text)
                  000010f0    00000022     CRC.obj (.text)
                  00001112    00000002     --HOLE-- [fill = 0]
                  00001114    00000018     rtsv7M4_T_le_v4SPD16_eabi.lib : args_main.obj (.text)
                  0000112c    00000014                                   : _lock.obj (.text)
                  00001140    0000000e                                   : copy_decompress_none.obj (.text:decompress:none)
                  0000114e    0000000c                                   : copy_zero_init.obj (.text:decompress:ZI)
                  0000115a    0000000c     tm4c123gh6pm_startup_ccs.obj (.text)
                  00001166    00000006     rtsv7M4_T_le_v4SPD16_eabi.lib : copy_decompress_rle.obj (.text:decompress:rle24)
                  0000116c    00000004                                   : pre_init.obj (.text)

.cinit     0    00001170    00000038     
                  00001170    00000014     (.cinit..data.load) [load image, compression = rle]
                  00001184    0000000c     (__TI_handler_table)
                  00001190    00000008     (.cinit..bss.load) [load image, compression = zero_init]
                  00001198    00000010     (__TI_cinit_table)

.init_array 
*          0    00000000    00000000     UNINITIALIZED

.data      0    20000000    000007e4     UNINITIALIZED
                  20000000    000007d0     main.obj (.data:measurement_results)
                  200007d0    00000008     rtsv7M4_T_le_v4SPD16_eabi.lib : _lock.obj (.data)
                  200007d8    00000008                                   : exit.obj (.data)
                  200007e0    00000004                                   : stkdepth_vars.obj (.data)

.TI.persistent 
*          0    20000000    00000000     UNINITIALIZED

.stack     0    200007e4    00000200     UNINITIALIZED
                  200007e4    00000200     --HOLE--

.bss       0    200009e4    00000006     UNINITIALIZED
                  200009e4    00000002     (.common:byte_counter)
                  200009e6    00000002     (.common:interrupt_occurred)
                  200009e8    00000002     (.common:state)

.TI.noinit 
*          0    200009e4    00000000     UNINITIALIZED


LINKER GENERATED COPY TABLES

__TI_cinit_table @ 00001198 records: 2, size/record: 8, table size: 16
	.data: load addr=00001170, load size=00000014 bytes, run addr=20000000, run size=000007e4 bytes, compression=rle
	.bss: load addr=00001190, load size=00000008 bytes, run addr=200009e4, run size=00000006 bytes, compression=zero_init


LINKER GENERATED HANDLER TABLE

__TI_handler_table @ 00001184 records: 3, size/record: 4, table size: 12
	index: 0, handler: __TI_decompress_rle24
	index: 1, handler: __TI_decompress_none
	index: 2, handler: __TI_zero_init


GLOBAL SYMBOLS: SORTED ALPHABETICALLY BY Name 

address   name                                    
-------   ----                                    
000010ad  C$$EXIT                                 
0000115b  ResetISR                                
UNDEFED   SHT$$INIT_ARRAY$$Base                   
UNDEFED   SHT$$INIT_ARRAY$$Limit                  
200009e4  __STACK_END                             
00000200  __STACK_SIZE                            
200009e4  __STACK_TOP                             
00001198  __TI_CINIT_Base                         
000011a8  __TI_CINIT_Limit                        
00001184  __TI_Handler_Table_Base                 
00001190  __TI_Handler_Table_Limit                
00000f39  __TI_auto_init                          
200007d8  __TI_cleanup_ptr                        
00001141  __TI_decompress_none                    
00001167  __TI_decompress_rle24                   
200007dc  __TI_dtors_ptr                          
00000000  __TI_static_base__                      
0000114f  __TI_zero_init                          
00000ebd  __aeabi_memclr                          
00000ebd  __aeabi_memclr4                         
00000ebd  __aeabi_memclr8                         
00000e21  __aeabi_memcpy                          
00000e21  __aeabi_memcpy4                         
00000e21  __aeabi_memcpy8                         
00000ebf  __aeabi_memset                          
00000ebf  __aeabi_memset4                         
00000ebf  __aeabi_memset8                         
ffffffff  __binit__                               
ffffffff  __c_args__                              
200007e4  __stack                                 
000003f9  __writeCharByteOut                      
00000415  __writeIntByteOut                       
00001115  _args_main                              
00001011  _c_int00                                
200007d0  _lock                                   
0000113b  _nop                                    
00001133  _register_lock                          
0000112d  _register_unlock                        
0000116d  _system_pre_init                        
200007d4  _unlock                                 
000010b1  abort                                   
ffffffff  binit                                   
200009e4  byte_counter                            
000010fd  calculate_CRC                           
000010f1  checkCrc                                
00000c91  clearInvalidPackageBit                  
00000c75  clearMeasurementsResultsPresentBit      
00000c83  clearMeasurementsSentBit                
00000c6b  clearReadyToWorkBit                     
00000c9b  clearStateBit                           
00001061  copy_in                                 
000005f1  debug_writeByteInBinary                 
00000651  debug_writePackageBytesInBinary         
00000575  debug_writeStringOut                    
0000090b  delay_counting                          
00000871  delay_timer0                            
0000088f  delay_timer1                            
000008a5  delay_timer2                            
000008bb  delay_timer3                            
000008d1  delay_timer4_for_measurement            
000008f5  delay_timer5_for_UART_switching         
000010b9  exit                                    
00000000  g_pfnVectors                            
00000a4d  inintSyncCableInput                     
000009d1  initAdc0                                
00000ac3  initAdc0GetResults                      
00000cc5  initIntOccurredValue                    
00000cb7  initState                               
00000c01  initializeLEDs                          
000002af  initializeRS485Controller               
000002f1  initializeUART5                         
000006c9  initialize_timer0                       
00000711  initialize_timer1                       
00000759  initialize_timer2                       
000007a1  initialize_timer3                       
000007e9  initialize_timer4_for_measurement_delays
0000082d  initialize_timer5_for_UART_switching    
200009e6  interrupt_occurred                      
00000de9  main                                    
200007e0  main_func_sp                            
00000b1d  measurement_measure                     
20000000  measurement_results                     
00000b1b  measurement_signal_generation           
00000b3d  measurement_work                        
00000e21  memcpy                                  
00000ec5  memset                                  
00000adb  performeMeasurements                    
00000363  readByte                                
0000037b  readPackage                             
00000d1d  resetMeasurementResults                 
000004b5  sendResults                             
0000052b  sendState                               
00000bbd  setBlueLED                              
0000028f  setCommunicationToReceive               
0000026d  setCommunicationToTransmit              
00000bc5  setGreenLED                             
00000ccd  setIntOccurredValue                     
00000c45  setInvalidPackageBit                    
00000bdf  setLED                                  
00000bd5  setLEDoff                               
00000c29  setMeasurementsResultsPresentBit        
00000c37  setMeasurementsSentBit                  
00000c1f  setReadyToWorkBit                       
00000bcd  setRedLED                               
00000c4f  setStateBit                             
200009e8  state                                   
00000cf9  syncCableInterupHandler                 
00000d31  waitNextAction                          
00000477  writeCharPackageOut                     
0000042f  writeIntPackageOut                      


GLOBAL SYMBOLS: SORTED BY Symbol Address 

address   name                                    
-------   ----                                    
00000000  __TI_static_base__                      
00000000  g_pfnVectors                            
00000200  __STACK_SIZE                            
0000026d  setCommunicationToTransmit              
0000028f  setCommunicationToReceive               
000002af  initializeRS485Controller               
000002f1  initializeUART5                         
00000363  readByte                                
0000037b  readPackage                             
000003f9  __writeCharByteOut                      
00000415  __writeIntByteOut                       
0000042f  writeIntPackageOut                      
00000477  writeCharPackageOut                     
000004b5  sendResults                             
0000052b  sendState                               
00000575  debug_writeStringOut                    
000005f1  debug_writeByteInBinary                 
00000651  debug_writePackageBytesInBinary         
000006c9  initialize_timer0                       
00000711  initialize_timer1                       
00000759  initialize_timer2                       
000007a1  initialize_timer3                       
000007e9  initialize_timer4_for_measurement_delays
0000082d  initialize_timer5_for_UART_switching    
00000871  delay_timer0                            
0000088f  delay_timer1                            
000008a5  delay_timer2                            
000008bb  delay_timer3                            
000008d1  delay_timer4_for_measurement            
000008f5  delay_timer5_for_UART_switching         
0000090b  delay_counting                          
000009d1  initAdc0                                
00000a4d  inintSyncCableInput                     
00000ac3  initAdc0GetResults                      
00000adb  performeMeasurements                    
00000b1b  measurement_signal_generation           
00000b1d  measurement_measure                     
00000b3d  measurement_work                        
00000bbd  setBlueLED                              
00000bc5  setGreenLED                             
00000bcd  setRedLED                               
00000bd5  setLEDoff                               
00000bdf  setLED                                  
00000c01  initializeLEDs                          
00000c1f  setReadyToWorkBit                       
00000c29  setMeasurementsResultsPresentBit        
00000c37  setMeasurementsSentBit                  
00000c45  setInvalidPackageBit                    
00000c4f  setStateBit                             
00000c6b  clearReadyToWorkBit                     
00000c75  clearMeasurementsResultsPresentBit      
00000c83  clearMeasurementsSentBit                
00000c91  clearInvalidPackageBit                  
00000c9b  clearStateBit                           
00000cb7  initState                               
00000cc5  initIntOccurredValue                    
00000ccd  setIntOccurredValue                     
00000cf9  syncCableInterupHandler                 
00000d1d  resetMeasurementResults                 
00000d31  waitNextAction                          
00000de9  main                                    
00000e21  __aeabi_memcpy                          
00000e21  __aeabi_memcpy4                         
00000e21  __aeabi_memcpy8                         
00000e21  memcpy                                  
00000ebd  __aeabi_memclr                          
00000ebd  __aeabi_memclr4                         
00000ebd  __aeabi_memclr8                         
00000ebf  __aeabi_memset                          
00000ebf  __aeabi_memset4                         
00000ebf  __aeabi_memset8                         
00000ec5  memset                                  
00000f39  __TI_auto_init                          
00001011  _c_int00                                
00001061  copy_in                                 
000010ad  C$$EXIT                                 
000010b1  abort                                   
000010b9  exit                                    
000010f1  checkCrc                                
000010fd  calculate_CRC                           
00001115  _args_main                              
0000112d  _register_unlock                        
00001133  _register_lock                          
0000113b  _nop                                    
00001141  __TI_decompress_none                    
0000114f  __TI_zero_init                          
0000115b  ResetISR                                
00001167  __TI_decompress_rle24                   
0000116d  _system_pre_init                        
00001184  __TI_Handler_Table_Base                 
00001190  __TI_Handler_Table_Limit                
00001198  __TI_CINIT_Base                         
000011a8  __TI_CINIT_Limit                        
20000000  measurement_results                     
200007d0  _lock                                   
200007d4  _unlock                                 
200007d8  __TI_cleanup_ptr                        
200007dc  __TI_dtors_ptr                          
200007e0  main_func_sp                            
200007e4  __stack                                 
200009e4  __STACK_END                             
200009e4  __STACK_TOP                             
200009e4  byte_counter                            
200009e6  interrupt_occurred                      
200009e8  state                                   
ffffffff  __binit__                               
ffffffff  __c_args__                              
ffffffff  binit                                   
UNDEFED   SHT$$INIT_ARRAY$$Base                   
UNDEFED   SHT$$INIT_ARRAY$$Limit                  

[110 symbols]
